
Rohan.P@PUN-DE-LE09A14 MINGW64 /
$ cd "C:\Users\rohan.p\Desktop\practice"

Rohan.P@PUN-DE-LE09A14 MINGW64 ~/Desktop/practice (master)
$ git lig -n 4
git: 'lig' is not a git command. See 'git --help'.

The most similar command is
        log

Rohan.P@PUN-DE-LE09A14 MINGW64 ~/Desktop/practice (master)
$ git log -n 4
commit 758169fe1db9c950900fccbf64c33918f9e598bf (HEAD -> master, origin/master, origin/branch2, b1)
Merge: 96a0c3d d68ea4f
Author: Rohan Patil <111751932+Rohan-B-Patil@users.noreply.github.com>
Date:   Tue Aug 23 10:16:20 2022 +0530

    Merge pull request #1 from Rohan-B-Patil/rohan

    Changes in rohan branch first PR are approved.

commit d68ea4fa3ee185033df87f894a5ba5eb1e9a2f39 (origin/rohan, origin/branch1)
Author: Rohan-B-Patil <rohan.p@emtecinc.com>
Date:   Tue Aug 23 10:10:04 2022 +0530

    commits before pushing branch

commit 96a0c3db4ef98d7038afa738a376015a39aa6922
Merge: c06a5a3 7fa5551
Author: Rohan-B-Patil <rohan.p@emtecinc.com>
Date:   Tue Aug 23 10:05:05 2022 +0530

    first

commit c06a5a3ca471b08935668cae4b72a9cf81a57159
Author: rohan3 <rohanpatil0312@gmail.com>
Date:   Mon Aug 22 17:35:21 2022 +0530

    master commit after file deletion and before merge

Rohan.P@PUN-DE-LE09A14 MINGW64 ~/Desktop/practice (master)
$ git push
fatal: The current branch master has no upstream branch.
To push the current branch and set the remote as upstream, use

    git push --set-upstream origin master

To have this happen automatically for branches without a tracking
upstream, see 'push.autoSetupRemote' in 'git help config'.


Rohan.P@PUN-DE-LE09A14 MINGW64 ~/Desktop/practice (master)
$ ^C


Rohan.P@PUN-DE-LE09A14 MINGW64 ~/Desktop/practice (master)
$ git push --set-upstream origin master
Everything up-to-date
branch 'master' set up to track 'origin/master'.

Rohan.P@PUN-DE-LE09A14 MINGW64 ~/Desktop/practice (master)
$ git push
Everything up-to-date

Rohan.P@PUN-DE-LE09A14 MINGW64 ~/Desktop/practice (master)
$ git pull
Already up to date.

Rohan.P@PUN-DE-LE09A14 MINGW64 ~/Desktop/practice (master)
$ git status
On branch master
Your branch is up to date with 'origin/master'.

Changes not staged for commit:
  (use "git add <file>..." to update what will be committed)
  (use "git restore <file>..." to discard changes in working directory)
        modified:   brancheck
        modified:   dejong

Untracked files:
  (use "git add <file>..." to include in what will be committed)
        Practice-Repo/
        hw

no changes added to commit (use "git add" and/or "git commit -a")

Rohan.P@PUN-DE-LE09A14 MINGW64 ~/Desktop/practice (master)
$ git add .
error: 'Practice-Repo/' does not have a commit checked out
fatal: adding files failed

Rohan.P@PUN-DE-LE09A14 MINGW64 ~/Desktop/practice (master)
$ git status
On branch master
Your branch is up to date with 'origin/master'.

Changes not staged for commit:
  (use "git add <file>..." to update what will be committed)
  (use "git restore <file>..." to discard changes in working directory)
        modified:   brancheck
        modified:   dejong

Untracked files:
  (use "git add <file>..." to include in what will be committed)
        Practice-Repo/

no changes added to commit (use "git add" and/or "git commit -a")

Rohan.P@PUN-DE-LE09A14 MINGW64 ~/Desktop/practice (master)
$ git commit -m "check"
On branch master
Your branch is up to date with 'origin/master'.

Changes not staged for commit:
  (use "git add <file>..." to update what will be committed)
  (use "git restore <file>..." to discard changes in working directory)
        modified:   brancheck
        modified:   dejong

Untracked files:
  (use "git add <file>..." to include in what will be committed)
        Practice-Repo/

no changes added to commit (use "git add" and/or "git commit -a")

Rohan.P@PUN-DE-LE09A14 MINGW64 ~/Desktop/practice (master)
$ git add .
error: 'Practice-Repo/' does not have a commit checked out
fatal: adding files failed

Rohan.P@PUN-DE-LE09A14 MINGW64 ~/Desktop/practice (master)
$ git commit -a -m "check 2"
[master f63482d] check 2
 2 files changed, 11 insertions(+), 2 deletions(-)

Rohan.P@PUN-DE-LE09A14 MINGW64 ~/Desktop/practice (master)
$ git push
Enumerating objects: 7, done.
Counting objects: 100% (7/7), done.
Delta compression using up to 4 threads
Compressing objects: 100% (4/4), done.
Writing objects: 100% (4/4), 900 bytes | 450.00 KiB/s, done.
Total 4 (delta 1), reused 0 (delta 0), pack-reused 0
remote: Resolving deltas: 100% (1/1), completed with 1 local object.
To github.com:Rohan-B-Patil/Practice-Repo.git
   758169f..f63482d  master -> master

Rohan.P@PUN-DE-LE09A14 MINGW64 ~/Desktop/practice (master)
$ git branch
  b1
* master

Rohan.P@PUN-DE-LE09A14 MINGW64 ~/Desktop/practice (master)
$ git checkout b1
Switched to branch 'b1'

Rohan.P@PUN-DE-LE09A14 MINGW64 ~/Desktop/practice (b1)
$ git checkout master
Switched to branch 'master'
Your branch is up to date with 'origin/master'.

Rohan.P@PUN-DE-LE09A14 MINGW64 ~/Desktop/practice (master)
$ git checkout b1
Switched to branch 'b1'

Rohan.P@PUN-DE-LE09A14 MINGW64 ~/Desktop/practice (b1)
$ git merge master
Updating 758169f..f63482d
Fast-forward
 brancheck | 10 +++++++++-
 dejong    |  3 ++-
 2 files changed, 11 insertions(+), 2 deletions(-)

Rohan.P@PUN-DE-LE09A14 MINGW64 ~/Desktop/practice (b1)
$ git checkout master
Switched to branch 'master'
Your branch is up to date with 'origin/master'.

Rohan.P@PUN-DE-LE09A14 MINGW64 ~/Desktop/practice (master)
$ git checkout b1
Switched to branch 'b1'

Rohan.P@PUN-DE-LE09A14 MINGW64 ~/Desktop/practice (b1)
$ touch file3

Rohan.P@PUN-DE-LE09A14 MINGW64 ~/Desktop/practice (b1)
$ git add file 3
fatal: pathspec 'file' did not match any files

Rohan.P@PUN-DE-LE09A14 MINGW64 ~/Desktop/practice (b1)
$ git add file3

Rohan.P@PUN-DE-LE09A14 MINGW64 ~/Desktop/practice (b1)
$ git commit -m "commiting changes in file3"
[b1 9354065] commiting changes in file3
 1 file changed, 1 insertion(+)
 create mode 100644 file3

Rohan.P@PUN-DE-LE09A14 MINGW64 ~/Desktop/practice (b1)
$ git push origin file3
error: src refspec file3 does not match any
error: failed to push some refs to 'github.com:Rohan-B-Patil/Practice-Repo.git'

Rohan.P@PUN-DE-LE09A14 MINGW64 ~/Desktop/practice (b1)
$ git push origin
fatal: The current branch b1 has no upstream branch.
To push the current branch and set the remote as upstream, use

    git push --set-upstream origin b1

To have this happen automatically for branches without a tracking
upstream, see 'push.autoSetupRemote' in 'git help config'.


Rohan.P@PUN-DE-LE09A14 MINGW64 ~/Desktop/practice (b1)
$ git push --set-upstream origin b1
Enumerating objects: 4, done.
Counting objects: 100% (4/4), done.
Delta compression using up to 4 threads
Compressing objects: 100% (2/2), done.
Writing objects: 100% (3/3), 348 bytes | 174.00 KiB/s, done.
Total 3 (delta 0), reused 0 (delta 0), pack-reused 0
remote:
remote: Create a pull request for 'b1' on GitHub by visiting:
remote:      https://github.com/Rohan-B-Patil/Practice-Repo/pull/new/b1
remote:
To github.com:Rohan-B-Patil/Practice-Repo.git
 * [new branch]      b1 -> b1
branch 'b1' set up to track 'origin/b1'.

Rohan.P@PUN-DE-LE09A14 MINGW64 ~/Desktop/practice (b1)
$ git push origin
Everything up-to-date

Rohan.P@PUN-DE-LE09A14 MINGW64 ~/Desktop/practice (b1)
$ git branch
* b1
  master

Rohan.P@PUN-DE-LE09A14 MINGW64 ~/Desktop/practice (b1)
$ git pull origin main
fatal: couldn't find remote ref main

Rohan.P@PUN-DE-LE09A14 MINGW64 ~/Desktop/practice (b1)
$ git pull origin master
From github.com:Rohan-B-Patil/Practice-Repo
 * branch            master     -> FETCH_HEAD
Already up to date.

Rohan.P@PUN-DE-LE09A14 MINGW64 ~/Desktop/practice (b1)
$ git branch
* b1
  master

Rohan.P@PUN-DE-LE09A14 MINGW64 ~/Desktop/practice (b1)
$ git pull origin master
remote: Enumerating objects: 1, done.
remote: Counting objects: 100% (1/1), done.
remote: Total 1 (delta 0), reused 0 (delta 0), pack-reused 0
Unpacking objects: 100% (1/1), 648 bytes | 7.00 KiB/s, done.
From github.com:Rohan-B-Patil/Practice-Repo
 * branch            master     -> FETCH_HEAD
   f63482d..19d0806  master     -> origin/master
Updating 9354065..19d0806
Fast-forward

Rohan.P@PUN-DE-LE09A14 MINGW64 ~/Desktop/practice (b1)
$ git branch
* b1
  master

Rohan.P@PUN-DE-LE09A14 MINGW64 ~/Desktop/practice (b1)
$ git fetch

Rohan.P@PUN-DE-LE09A14 MINGW64 ~/Desktop/practice (b1)
$ git branch
* b1
  master

Rohan.P@PUN-DE-LE09A14 MINGW64 ~/Desktop/practice (b1)
$ git fetch origin branch1
From github.com:Rohan-B-Patil/Practice-Repo
 * branch            branch1    -> FETCH_HEAD

Rohan.P@PUN-DE-LE09A14 MINGW64 ~/Desktop/practice (b1)
$ git branch
* b1
  master

Rohan.P@PUN-DE-LE09A14 MINGW64 ~/Desktop/practice (b1)
$ git push origin branch1
error: src refspec branch1 does not match any
error: failed to push some refs to 'github.com:Rohan-B-Patil/Practice-Repo.git'

Rohan.P@PUN-DE-LE09A14 MINGW64 ~/Desktop/practice (b1)
$ git pull branch1
fatal: 'branch1' does not appear to be a git repository
fatal: Could not read from remote repository.

Please make sure you have the correct access rights
and the repository exists.

Rohan.P@PUN-DE-LE09A14 MINGW64 ~/Desktop/practice (b1)
$ git branch -b branch1
error: unknown switch `b'
usage: git branch [<options>] [-r | -a] [--merged] [--no-merged]
   or: git branch [<options>] [-f] [--recurse-submodules] <branch-name> [<start-point>]
   or: git branch [<options>] [-l] [<pattern>...]
   or: git branch [<options>] [-r] (-d | -D) <branch-name>...
   or: git branch [<options>] (-m | -M) [<old-branch>] <new-branch>
   or: git branch [<options>] (-c | -C) [<old-branch>] <new-branch>
   or: git branch [<options>] [-r | -a] [--points-at]
   or: git branch [<options>] [-r | -a] [--format]

Generic options
    -v, --verbose         show hash and subject, give twice for upstream branch
    -q, --quiet           suppress informational messages
    -t, --track[=(direct|inherit)]
                          set branch tracking configuration
    -u, --set-upstream-to <upstream>
                          change the upstream info
    --unset-upstream      unset the upstream info
    --color[=<when>]      use colored output
    -r, --remotes         act on remote-tracking branches
    --contains <commit>   print only branches that contain the commit
    --no-contains <commit>
                          print only branches that don't contain the commit
    --abbrev[=<n>]        use <n> digits to display object names

Specific git-branch actions:
    -a, --all             list both remote-tracking and local branches
    -d, --delete          delete fully merged branch
    -D                    delete branch (even if not merged)
    -m, --move            move/rename a branch and its reflog
    -M                    move/rename a branch, even if target exists
    -c, --copy            copy a branch and its reflog
    -C                    copy a branch, even if target exists
    -l, --list            list branch names
    --show-current        show current branch name
    --create-reflog       create the branch's reflog
    --edit-description    edit the description for the branch
    -f, --force           force creation, move/rename, deletion
    --merged <commit>     print only branches that are merged
    --no-merged <commit>  print only branches that are not merged
    --column[=<style>]    list branches in columns
    --sort <key>          field name to sort on
    --points-at <object>  print only branches of the object
    -i, --ignore-case     sorting and filtering are case insensitive
    --recurse-submodules  recurse through submodules
    --format <format>     format to use for the output


Rohan.P@PUN-DE-LE09A14 MINGW64 ~/Desktop/practice (b1)
$ git branch branch1

Rohan.P@PUN-DE-LE09A14 MINGW64 ~/Desktop/practice (b1)
$ git checkout branch1
Switched to branch 'branch1'
M       file3

Rohan.P@PUN-DE-LE09A14 MINGW64 ~/Desktop/practice (branch1)
$ touch file4

Rohan.P@PUN-DE-LE09A14 MINGW64 ~/Desktop/practice (branch1)
$ git add file4

Rohan.P@PUN-DE-LE09A14 MINGW64 ~/Desktop/practice (branch1)
$ git commit -m "commit for file4"
[branch1 e7beec8] commit for file4
 1 file changed, 1 insertion(+)
 create mode 100644 file4

Rohan.P@PUN-DE-LE09A14 MINGW64 ~/Desktop/practice (branch1)
$ git push origin branch1
Enumerating objects: 4, done.
Counting objects: 100% (4/4), done.
Delta compression using up to 4 threads
Compressing objects: 100% (2/2), done.
Writing objects: 100% (3/3), 283 bytes | 141.00 KiB/s, done.
Total 3 (delta 1), reused 0 (delta 0), pack-reused 0
remote: Resolving deltas: 100% (1/1), completed with 1 local object.
To github.com:Rohan-B-Patil/Practice-Repo.git
   d68ea4f..e7beec8  branch1 -> branch1

Rohan.P@PUN-DE-LE09A14 MINGW64 ~/Desktop/practice (branch1)
$ git branch
  b1
* branch1
  master

Rohan.P@PUN-DE-LE09A14 MINGW64 ~/Desktop/practice (branch1)
$ git checkout master
Switched to branch 'master'
Your branch is up to date with 'origin/master'.

Rohan.P@PUN-DE-LE09A14 MINGW64 ~/Desktop/practice (master)
$ git pull origin master
From github.com:Rohan-B-Patil/Practice-Repo
 * branch            master     -> FETCH_HEAD
Already up to date.

Rohan.P@PUN-DE-LE09A14 MINGW64 ~/Desktop/practice (master)
$ git pull origin master
remote: Enumerating objects: 1, done.
remote: Counting objects: 100% (1/1), done.
remote: Total 1 (delta 0), reused 0 (delta 0), pack-reused 0
Unpacking objects: 100% (1/1), 653 bytes | 15.00 KiB/s, done.
From github.com:Rohan-B-Patil/Practice-Repo
 * branch            master     -> FETCH_HEAD
   19d0806..00cc9af  master     -> origin/master
Updating 19d0806..00cc9af
Fast-forward
 file4 | 1 +
 1 file changed, 1 insertion(+)
 create mode 100644 file4

Rohan.P@PUN-DE-LE09A14 MINGW64 ~/Desktop/practice (master)
$
